// Jest Snapshot v1, https://goo.gl/fbAQLP

exports[`Quiz application records correct answer 1`] = `
"<div>
  <h1>Are you happy?</h1>
  <div data-testid=\\"answer_a\\"><button style=\\"font-size: 1.5rem;\\">Yes</button></div>
  <div data-testid=\\"answer_b\\"><button style=\\"font-size: 1.5rem;\\">No</button></div>
  <div data-testid=\\"answer_c\\"><button style=\\"font-size: 1.5rem;\\">Maybe</button></div>
</div>"
`;

exports[`Quiz application shows answer status 1`] = `
"<div>
  <h1>Quiz</h1>
  <div data-testid=\\"status\\">You have answered 3 of 10 correctly!</div><a href=\\"/question\\"><button type=\\"button\\" style=\\"font-size: 1.5rem;\\">New quiz</button></a>
</div>"
`;

exports[`Quiz application shows question 1`] = `
"<div>
  <h1>Are you happy?</h1>
  <div data-testid=\\"answer_a\\"><button style=\\"font-size: 1.5rem;\\">Yes</button></div>
  <div data-testid=\\"answer_b\\"><button style=\\"font-size: 1.5rem;\\">No</button></div>
  <div data-testid=\\"answer_c\\"><button style=\\"font-size: 1.5rem;\\">Maybe</button></div>
</div>"
`;
